// Jest Snapshot v1, https://goo.gl/fbAQLP

exports[`renders button 1`] = `
<div>
  <button
    class="MuiButtonBase-root MuiButton-root MuiButton-contained button"
    style="background-color: rgb(255, 255, 255);"
    tabindex="0"
    type="button"
  >
    <span
      class="MuiButton-label"
    >
      <span
        aria-hidden="true"
        class="material-icons MuiIcon-root iconWithText"
      >
        settings
      </span>
      <span>
        teste
      </span>
    </span>
    <span
      class="MuiTouchRipple-root"
    />
  </button>
</div>
`;
