// Jest Snapshot v1, https://goo.gl/fbAQLP

exports[`renders pagination 1`] = `
<div>
  <div
    class="pagination"
  >
    <button
      class="MuiButtonBase-root MuiButton-root MuiButton-contained paginationButtonInactive MuiButton-disableElevation"
      tabindex="0"
      type="button"
    >
      <span
        class="MuiButton-label"
      >
        Primeiro
      </span>
      <span
        class="MuiTouchRipple-root"
      />
    </button>
    <button
      class="MuiButtonBase-root MuiButton-root MuiButton-contained paginationButtonInactive MuiButton-disableElevation"
      tabindex="0"
      type="button"
    >
      <span
        class="MuiButton-label"
      >
        Anterior
      </span>
      <span
        class="MuiTouchRipple-root"
      />
    </button>
    <button
      class="MuiButtonBase-root MuiButton-root MuiButton-contained button"
      style="background-color: rgb(216, 51, 103);"
      tabindex="0"
      type="button"
    >
      <span
        class="MuiButton-label"
      >
        <span
          style="color: white;"
        >
          1
        </span>
      </span>
      <span
        class="MuiTouchRipple-root"
      />
    </button>
    <button
      class="MuiButtonBase-root MuiButton-root MuiButton-contained paginationButtonInactive MuiButton-disableElevation"
      tabindex="0"
      type="button"
    >
      <span
        class="MuiButton-label"
      >
        Próximo
      </span>
      <span
        class="MuiTouchRipple-root"
      />
    </button>
    <button
      class="MuiButtonBase-root MuiButton-root MuiButton-contained paginationButtonInactive MuiButton-disableElevation"
      tabindex="0"
      type="button"
    >
      <span
        class="MuiButton-label"
      >
        Último
      </span>
      <span
        class="MuiTouchRipple-root"
      />
    </button>
  </div>
</div>
`;
